// Jest Snapshot v1, https://goo.gl/fbAQLP

exports[`<App> creates a new game id when restarted. 1`] = `
ShallowWrapper {
  "complexSelector": ComplexSelector {
    "buildPredicate": [Function],
    "childrenOfNode": [Function],
    "findWhereUnwrapped": [Function],
  },
  "length": 1,
  "node": <div
    className="App"
>
    <div
        className="App-header"
    >
        <img
            alt="logo"
            className="App-logo spinning"
            src="logo.svg"
        />
        <h2>
            Word Game!
        </h2>
    </div>
    <Game
        gameId={0}
        height={20}
        onRestart={[Function]}
        width={20}
    />
</div>,
  "nodes": Array [
    <div
      className="App"
>
      <div
            className="App-header"
      >
            <img
                  alt="logo"
                  className="App-logo spinning"
                  src="logo.svg"
            />
            <h2>
                  Word Game!
            </h2>
      </div>
      <Game
            gameId={0}
            height={20}
            onRestart={[Function]}
            width={20}
      />
</div>,
  ],
  "options": Object {},
  "renderer": ReactShallowRenderer {
    "_instance":  {
      "_calledComponentWillUnmount": false,
      "_compositeType": 0,
      "_context": Object {},
      "_currentElement": <App />,
      "_debugID": 835,
      "_hostContainerInfo": null,
      "_hostParent": null,
      "_instance": App {
        "_reactInternalInstance": [Circular],
        "context": Object {},
        "props": Object {},
        "refs": Object {},
        "restart": [Function],
        "state": Object {
          "gameId": 0,
          "height": 20,
          "width": 20,
        },
        "updater": Object {
          "enqueueCallback": [Function],
          "enqueueCallbackInternal": [Function],
          "enqueueElementInternal": [Function],
          "enqueueForceUpdate": [Function],
          "enqueueReplaceState": [Function],
          "enqueueSetState": [Function],
          "isMounted": [Function],
          "validateCallback": [Function],
        },
      },
      "_mountOrder": 1,
      "_pendingCallbacks": null,
      "_pendingElement": null,
      "_pendingForceUpdate": false,
      "_pendingReplaceState": false,
      "_pendingStateQueue": null,
      "_renderedComponent": NoopInternalComponent {
        "_currentElement": <div
          className="App"
>
          <div
                    className="App-header"
          >
                    <img
                              alt="logo"
                              className="App-logo spinning"
                              src="logo.svg"
                    />
                    <h2>
                              Word Game!
                    </h2>
          </div>
          <Game
                    gameId={0}
                    height={20}
                    onRestart={[Function]}
                    width={20}
          />
</div>,
        "_debugID": 836,
        "_renderedOutput": <div
          className="App"
>
          <div
                    className="App-header"
          >
                    <img
                              alt="logo"
                              className="App-logo spinning"
                              src="logo.svg"
                    />
                    <h2>
                              Word Game!
                    </h2>
          </div>
          <Game
                    gameId={0}
                    height={20}
                    onRestart={[Function]}
                    width={20}
          />
</div>,
      },
      "_renderedNodeType": 0,
      "_rootNodeID": 0,
      "_topLevelWrapper": null,
      "_updateBatchNumber": null,
      "_warnedAboutRefsInRender": false,
    },
    "getRenderOutput": [Function],
    "render": [Function],
  },
  "root": [Circular],
  "unrendered": <App />,
}
`;
